Archive member included because of file (symbol)

c:/program files (x86)/atmel/avr tools/avr toolchain/bin/../lib/gcc/avr/4.8.1/avr5\libgcc.a(_udivmodsi4.o)
                              ./Libraries/Source/lcd.o (__udivmodsi4)
c:/program files (x86)/atmel/avr tools/avr toolchain/bin/../lib/gcc/avr/4.8.1/avr5\libgcc.a(_exit.o)
                              c:/program files (x86)/atmel/avr tools/avr toolchain/bin/../lib/gcc/avr/4.8.1/../../../../avr/lib/avr5/crtm16.o (exit)
c:/program files (x86)/atmel/avr tools/avr toolchain/bin/../lib/gcc/avr/4.8.1/avr5\libgcc.a(_tablejump.o)
                              ./Libraries/Source/lcd.o (__tablejump2__)
c:/program files (x86)/atmel/avr tools/avr toolchain/bin/../lib/gcc/avr/4.8.1/avr5\libgcc.a(_copy_data.o)
                              ./SRC/SOURCE/main.o (__do_copy_data)
c:/program files (x86)/atmel/avr tools/avr toolchain/bin/../lib/gcc/avr/4.8.1/avr5\libgcc.a(_clear_bss.o)
                              ./SRC/SOURCE/main.o (__do_clear_bss)
c:/program files (x86)/atmel/avr tools/avr toolchain/bin/../lib/gcc/avr/4.8.1/../../../../avr/lib/avr5\libm.a(addsf3.o)
                              ./Libraries/Source/uart.o (__subsf3)
c:/program files (x86)/atmel/avr tools/avr toolchain/bin/../lib/gcc/avr/4.8.1/../../../../avr/lib/avr5\libm.a(addsf3x.o)
                              c:/program files (x86)/atmel/avr tools/avr toolchain/bin/../lib/gcc/avr/4.8.1/../../../../avr/lib/avr5\libm.a(addsf3.o) (__addsf3x)
c:/program files (x86)/atmel/avr tools/avr toolchain/bin/../lib/gcc/avr/4.8.1/../../../../avr/lib/avr5\libm.a(cmpsf2.o)
                              ./Libraries/Source/delay.o (__ltsf2)
c:/program files (x86)/atmel/avr tools/avr toolchain/bin/../lib/gcc/avr/4.8.1/../../../../avr/lib/avr5\libm.a(divsf3.o)
                              ./Libraries/Source/delay.o (__divsf3)
c:/program files (x86)/atmel/avr tools/avr toolchain/bin/../lib/gcc/avr/4.8.1/../../../../avr/lib/avr5\libm.a(divsf3x.o)
                              c:/program files (x86)/atmel/avr tools/avr toolchain/bin/../lib/gcc/avr/4.8.1/../../../../avr/lib/avr5\libm.a(divsf3.o) (__divsf3x)
c:/program files (x86)/atmel/avr tools/avr toolchain/bin/../lib/gcc/avr/4.8.1/../../../../avr/lib/avr5\libm.a(fixunssfsi.o)
                              ./SRC/SOURCE/main.o (__fixunssfsi)
c:/program files (x86)/atmel/avr tools/avr toolchain/bin/../lib/gcc/avr/4.8.1/../../../../avr/lib/avr5\libm.a(floatsisf.o)
                              ./SRC/SOURCE/termo.o (__floatunsisf)
c:/program files (x86)/atmel/avr tools/avr toolchain/bin/../lib/gcc/avr/4.8.1/../../../../avr/lib/avr5\libm.a(fp_cmp.o)
                              c:/program files (x86)/atmel/avr tools/avr toolchain/bin/../lib/gcc/avr/4.8.1/../../../../avr/lib/avr5\libm.a(cmpsf2.o) (__fp_cmp)
c:/program files (x86)/atmel/avr tools/avr toolchain/bin/../lib/gcc/avr/4.8.1/../../../../avr/lib/avr5\libm.a(fp_inf.o)
                              c:/program files (x86)/atmel/avr tools/avr toolchain/bin/../lib/gcc/avr/4.8.1/../../../../avr/lib/avr5\libm.a(addsf3x.o) (__fp_inf)
c:/program files (x86)/atmel/avr tools/avr toolchain/bin/../lib/gcc/avr/4.8.1/../../../../avr/lib/avr5\libm.a(fp_nan.o)
                              c:/program files (x86)/atmel/avr tools/avr toolchain/bin/../lib/gcc/avr/4.8.1/../../../../avr/lib/avr5\libm.a(addsf3x.o) (__fp_nan)
c:/program files (x86)/atmel/avr tools/avr toolchain/bin/../lib/gcc/avr/4.8.1/../../../../avr/lib/avr5\libm.a(fp_pscA.o)
                              c:/program files (x86)/atmel/avr tools/avr toolchain/bin/../lib/gcc/avr/4.8.1/../../../../avr/lib/avr5\libm.a(addsf3x.o) (__fp_pscA)
c:/program files (x86)/atmel/avr tools/avr toolchain/bin/../lib/gcc/avr/4.8.1/../../../../avr/lib/avr5\libm.a(fp_pscB.o)
                              c:/program files (x86)/atmel/avr tools/avr toolchain/bin/../lib/gcc/avr/4.8.1/../../../../avr/lib/avr5\libm.a(addsf3x.o) (__fp_pscB)
c:/program files (x86)/atmel/avr tools/avr toolchain/bin/../lib/gcc/avr/4.8.1/../../../../avr/lib/avr5\libm.a(fp_round.o)
                              c:/program files (x86)/atmel/avr tools/avr toolchain/bin/../lib/gcc/avr/4.8.1/../../../../avr/lib/avr5\libm.a(addsf3.o) (__fp_round)
c:/program files (x86)/atmel/avr tools/avr toolchain/bin/../lib/gcc/avr/4.8.1/../../../../avr/lib/avr5\libm.a(fp_split3.o)
                              c:/program files (x86)/atmel/avr tools/avr toolchain/bin/../lib/gcc/avr/4.8.1/../../../../avr/lib/avr5\libm.a(addsf3x.o) (__fp_split3)
c:/program files (x86)/atmel/avr tools/avr toolchain/bin/../lib/gcc/avr/4.8.1/../../../../avr/lib/avr5\libm.a(fp_zero.o)
                              c:/program files (x86)/atmel/avr tools/avr toolchain/bin/../lib/gcc/avr/4.8.1/../../../../avr/lib/avr5\libm.a(addsf3x.o) (__fp_zero)
c:/program files (x86)/atmel/avr tools/avr toolchain/bin/../lib/gcc/avr/4.8.1/../../../../avr/lib/avr5\libm.a(gesf2.o)
                              ./Libraries/Source/delay.o (__gtsf2)
c:/program files (x86)/atmel/avr tools/avr toolchain/bin/../lib/gcc/avr/4.8.1/../../../../avr/lib/avr5\libm.a(mulsf3.o)
                              ./SRC/SOURCE/termo.o (__mulsf3)
c:/program files (x86)/atmel/avr tools/avr toolchain/bin/../lib/gcc/avr/4.8.1/../../../../avr/lib/avr5\libm.a(mulsf3x.o)
                              c:/program files (x86)/atmel/avr tools/avr toolchain/bin/../lib/gcc/avr/4.8.1/../../../../avr/lib/avr5\libm.a(mulsf3.o) (__mulsf3x)

Allocating common symbols
Common symbol       size              file

LCDConfig           0xe               ./Libraries/Source/lcd.o
v_LcdTrackCursorPos_U8
                    0x1               ./Libraries/Source/lcd.o
LCD_BUFFOR          0x20              ./SRC/SOURCE/main.o
v_LcdTrackLineNum_U8
                    0x1               ./Libraries/Source/lcd.o

Memory Configuration

Name             Origin             Length             Attributes
text             0x00000000         0x00020000         xr
data             0x00800060         0x0000ffa0         rw !x
eeprom           0x00810000         0x00010000         rw !x
fuse             0x00820000         0x00000400         rw !x
lock             0x00830000         0x00000400         rw !x
signature        0x00840000         0x00000400         rw !x
user_signatures  0x00850000         0x00000400         rw !x
*default*        0x00000000         0xffffffff

Linker script and memory map

LOAD c:/program files (x86)/atmel/avr tools/avr toolchain/bin/../lib/gcc/avr/4.8.1/../../../../avr/lib/avr5/crtm16.o
LOAD ./SRC/SOURCE/main.o
LOAD ./SRC/SOURCE/termo.o
LOAD ./Libraries/Source/SPI.o
LOAD ./Libraries/Source/delay.o
LOAD ./Libraries/Source/eeprom.o
LOAD ./Libraries/Source/gpio.o
LOAD ./Libraries/Source/lcd.o
LOAD ./Libraries/Source/uart.o
START GROUP
LOAD c:/program files (x86)/atmel/avr tools/avr toolchain/bin/../lib/gcc/avr/4.8.1/avr5\libgcc.a
LOAD c:/program files (x86)/atmel/avr tools/avr toolchain/bin/../lib/gcc/avr/4.8.1/../../../../avr/lib/avr5\libm.a
LOAD c:/program files (x86)/atmel/avr tools/avr toolchain/bin/../lib/gcc/avr/4.8.1/../../../../avr/lib/avr5\libc.a
END GROUP

.hash
 *(.hash)

.dynsym
 *(.dynsym)

.dynstr
 *(.dynstr)

.gnu.version
 *(.gnu.version)

.gnu.version_d
 *(.gnu.version_d)

.gnu.version_r
 *(.gnu.version_r)

.rel.init
 *(.rel.init)

.rela.init
 *(.rela.init)

.rel.text
 *(.rel.text)
 *(.rel.text.*)
 *(.rel.gnu.linkonce.t*)

.rela.text
 *(.rela.text)
 *(.rela.text.*)
 *(.rela.gnu.linkonce.t*)

.rel.fini
 *(.rel.fini)

.rela.fini
 *(.rela.fini)

.rel.rodata
 *(.rel.rodata)
 *(.rel.rodata.*)
 *(.rel.gnu.linkonce.r*)

.rela.rodata
 *(.rela.rodata)
 *(.rela.rodata.*)
 *(.rela.gnu.linkonce.r*)

.rel.data
 *(.rel.data)
 *(.rel.data.*)
 *(.rel.gnu.linkonce.d*)

.rela.data
 *(.rela.data)
 *(.rela.data.*)
 *(.rela.gnu.linkonce.d*)

.rel.ctors
 *(.rel.ctors)

.rela.ctors
 *(.rela.ctors)

.rel.dtors
 *(.rel.dtors)

.rela.dtors
 *(.rela.dtors)

.rel.got
 *(.rel.got)

.rela.got
 *(.rela.got)

.rel.bss
 *(.rel.bss)

.rela.bss
 *(.rela.bss)

.rel.plt
 *(.rel.plt)

.rela.plt
 *(.rela.plt)

.text           0x00000000     0x4290
 *(.vectors)
 .vectors       0x00000000       0x54 c:/program files (x86)/atmel/avr tools/avr toolchain/bin/../lib/gcc/avr/4.8.1/../../../../avr/lib/avr5/crtm16.o
                0x00000000                __vector_default
                0x00000000                __vectors
 *(.vectors)
 *(.progmem.gcc*)
 .progmem.gcc_sw_table.LCD_DisplayStringWithAddingToBuffor
                0x00000054       0xb2 ./Libraries/Source/lcd.o
 .progmem.gcc_sw_table.LCD_XYPrintf
                0x00000106       0xb2 ./Libraries/Source/lcd.o
 .progmem.gcc_sw_table.LCD_Printf
                0x000001b8       0xb2 ./Libraries/Source/lcd.o
 .progmem.gcc_sw_table.UART_Printf
                0x0000026a       0xa8 ./Libraries/Source/uart.o
                0x00000312                . = ALIGN (0x2)
                0x00000312                __trampolines_start = .
 *(.trampolines)
 .trampolines   0x00000312        0x0 linker stubs
 *(.trampolines*)
                0x00000312                __trampolines_end = .
 *(.progmem*)
                0x00000312                . = ALIGN (0x2)
 *(.jumptables)
 *(.jumptables*)
 *(.lowtext)
 *(.lowtext*)
                0x00000312                __ctors_start = .
 *(.ctors)
                0x00000312                __ctors_end = .
                0x00000312                __dtors_start = .
 *(.dtors)
                0x00000312                __dtors_end = .
 SORT(*)(.ctors)
 SORT(*)(.dtors)
 *(.init0)
 .init0         0x00000312        0x0 c:/program files (x86)/atmel/avr tools/avr toolchain/bin/../lib/gcc/avr/4.8.1/../../../../avr/lib/avr5/crtm16.o
                0x00000312                __init
 *(.init0)
 *(.init1)
 *(.init1)
 *(.init2)
 .init2         0x00000312        0xc c:/program files (x86)/atmel/avr tools/avr toolchain/bin/../lib/gcc/avr/4.8.1/../../../../avr/lib/avr5/crtm16.o
 *(.init2)
 *(.init3)
 *(.init3)
 *(.init4)
 .init4         0x0000031e       0x16 c:/program files (x86)/atmel/avr tools/avr toolchain/bin/../lib/gcc/avr/4.8.1/avr5\libgcc.a(_copy_data.o)
                0x0000031e                __do_copy_data
 .init4         0x00000334       0x10 c:/program files (x86)/atmel/avr tools/avr toolchain/bin/../lib/gcc/avr/4.8.1/avr5\libgcc.a(_clear_bss.o)
                0x00000334                __do_clear_bss
 *(.init4)
 *(.init5)
 *(.init5)
 *(.init6)
 *(.init6)
 *(.init7)
 *(.init7)
 *(.init8)
 *(.init8)
 *(.init9)
 .init9         0x00000344        0x8 c:/program files (x86)/atmel/avr tools/avr toolchain/bin/../lib/gcc/avr/4.8.1/../../../../avr/lib/avr5/crtm16.o
 *(.init9)
 *(.text)
 .text          0x0000034c        0x4 c:/program files (x86)/atmel/avr tools/avr toolchain/bin/../lib/gcc/avr/4.8.1/../../../../avr/lib/avr5/crtm16.o
                0x0000034c                __vector_1
                0x0000034c                __vector_12
                0x0000034c                __bad_interrupt
                0x0000034c                __vector_6
                0x0000034c                __vector_3
                0x0000034c                __vector_11
                0x0000034c                __vector_13
                0x0000034c                __vector_17
                0x0000034c                __vector_19
                0x0000034c                __vector_7
                0x0000034c                __vector_5
                0x0000034c                __vector_4
                0x0000034c                __vector_9
                0x0000034c                __vector_2
                0x0000034c                __vector_15
                0x0000034c                __vector_8
                0x0000034c                __vector_14
                0x0000034c                __vector_10
                0x0000034c                __vector_16
                0x0000034c                __vector_18
                0x0000034c                __vector_20
 .text          0x00000350        0x0 ./SRC/SOURCE/main.o
 .text          0x00000350        0x0 ./SRC/SOURCE/termo.o
 .text          0x00000350        0x0 ./Libraries/Source/SPI.o
 .text          0x00000350        0x0 ./Libraries/Source/delay.o
 .text          0x00000350        0x0 ./Libraries/Source/eeprom.o
 .text          0x00000350        0x0 ./Libraries/Source/gpio.o
 .text          0x00000350        0x0 ./Libraries/Source/lcd.o
 .text          0x00000350        0x0 ./Libraries/Source/uart.o
 .text          0x00000350        0x0 c:/program files (x86)/atmel/avr tools/avr toolchain/bin/../lib/gcc/avr/4.8.1/avr5\libgcc.a(_udivmodsi4.o)
 .text          0x00000350        0x0 c:/program files (x86)/atmel/avr tools/avr toolchain/bin/../lib/gcc/avr/4.8.1/avr5\libgcc.a(_exit.o)
 .text          0x00000350        0x0 c:/program files (x86)/atmel/avr tools/avr toolchain/bin/../lib/gcc/avr/4.8.1/avr5\libgcc.a(_tablejump.o)
 .text          0x00000350        0x0 c:/program files (x86)/atmel/avr tools/avr toolchain/bin/../lib/gcc/avr/4.8.1/avr5\libgcc.a(_copy_data.o)
 .text          0x00000350        0x0 c:/program files (x86)/atmel/avr tools/avr toolchain/bin/../lib/gcc/avr/4.8.1/avr5\libgcc.a(_clear_bss.o)
 .text          0x00000350        0x0 c:/program files (x86)/atmel/avr tools/avr toolchain/bin/../lib/gcc/avr/4.8.1/../../../../avr/lib/avr5\libm.a(addsf3.o)
 .text          0x00000350        0x0 c:/program files (x86)/atmel/avr tools/avr toolchain/bin/../lib/gcc/avr/4.8.1/../../../../avr/lib/avr5\libm.a(addsf3x.o)
 .text          0x00000350        0x0 c:/program files (x86)/atmel/avr tools/avr toolchain/bin/../lib/gcc/avr/4.8.1/../../../../avr/lib/avr5\libm.a(cmpsf2.o)
 .text          0x00000350        0x0 c:/program files (x86)/atmel/avr tools/avr toolchain/bin/../lib/gcc/avr/4.8.1/../../../../avr/lib/avr5\libm.a(divsf3.o)
 .text          0x00000350        0x0 c:/program files (x86)/atmel/avr tools/avr toolchain/bin/../lib/gcc/avr/4.8.1/../../../../avr/lib/avr5\libm.a(divsf3x.o)
 .text          0x00000350        0x0 c:/program files (x86)/atmel/avr tools/avr toolchain/bin/../lib/gcc/avr/4.8.1/../../../../avr/lib/avr5\libm.a(fixunssfsi.o)
 .text          0x00000350        0x0 c:/program files (x86)/atmel/avr tools/avr toolchain/bin/../lib/gcc/avr/4.8.1/../../../../avr/lib/avr5\libm.a(floatsisf.o)
 .text          0x00000350        0x0 c:/program files (x86)/atmel/avr tools/avr toolchain/bin/../lib/gcc/avr/4.8.1/../../../../avr/lib/avr5\libm.a(fp_cmp.o)
 .text          0x00000350        0x0 c:/program files (x86)/atmel/avr tools/avr toolchain/bin/../lib/gcc/avr/4.8.1/../../../../avr/lib/avr5\libm.a(fp_inf.o)
 .text          0x00000350        0x0 c:/program files (x86)/atmel/avr tools/avr toolchain/bin/../lib/gcc/avr/4.8.1/../../../../avr/lib/avr5\libm.a(fp_nan.o)
 .text          0x00000350        0x0 c:/program files (x86)/atmel/avr tools/avr toolchain/bin/../lib/gcc/avr/4.8.1/../../../../avr/lib/avr5\libm.a(fp_pscA.o)
 .text          0x00000350        0x0 c:/program files (x86)/atmel/avr tools/avr toolchain/bin/../lib/gcc/avr/4.8.1/../../../../avr/lib/avr5\libm.a(fp_pscB.o)
 .text          0x00000350        0x0 c:/program files (x86)/atmel/avr tools/avr toolchain/bin/../lib/gcc/avr/4.8.1/../../../../avr/lib/avr5\libm.a(fp_round.o)
 .text          0x00000350        0x0 c:/program files (x86)/atmel/avr tools/avr toolchain/bin/../lib/gcc/avr/4.8.1/../../../../avr/lib/avr5\libm.a(fp_split3.o)
 .text          0x00000350        0x0 c:/program files (x86)/atmel/avr tools/avr toolchain/bin/../lib/gcc/avr/4.8.1/../../../../avr/lib/avr5\libm.a(fp_zero.o)
 .text          0x00000350        0x0 c:/program files (x86)/atmel/avr tools/avr toolchain/bin/../lib/gcc/avr/4.8.1/../../../../avr/lib/avr5\libm.a(gesf2.o)
 .text          0x00000350        0x0 c:/program files (x86)/atmel/avr tools/avr toolchain/bin/../lib/gcc/avr/4.8.1/../../../../avr/lib/avr5\libm.a(mulsf3.o)
 .text          0x00000350        0x0 c:/program files (x86)/atmel/avr tools/avr toolchain/bin/../lib/gcc/avr/4.8.1/../../../../avr/lib/avr5\libm.a(mulsf3x.o)
                0x00000350                . = ALIGN (0x2)
 *(.text.*)
 .text.main     0x00000350       0x1e ./SRC/SOURCE/main.o
                0x00000350                main
 .text.Initialization
                0x0000036e      0x40e ./SRC/SOURCE/main.o
                0x0000036e                Initialization
 .text.MainLoop
                0x0000077c      0x1ea ./SRC/SOURCE/main.o
                0x0000077c                MainLoop
 .text.ALARM    0x00000966       0x26 ./SRC/SOURCE/main.o
                0x00000966                ALARM
 .text.Lamp     0x0000098c       0x42 ./SRC/SOURCE/main.o
                0x0000098c                Lamp
 .text.beep     0x000009ce       0x8a ./SRC/SOURCE/main.o
                0x000009ce                beep
 .text.MAX6675  0x00000a58       0x1c ./SRC/SOURCE/termo.o
                0x00000a58                MAX6675
 .text.readCelsius
                0x00000a74       0xd4 ./SRC/SOURCE/termo.o
                0x00000a74                readCelsius
 .text.spiread  0x00000b48       0x74 ./SRC/SOURCE/termo.o
                0x00000b48                spiread
 .text.CS_LOW   0x00000bbc       0x1e ./SRC/SOURCE/termo.o
                0x00000bbc                CS_LOW
 .text.CS_HIGH  0x00000bda       0x20 ./SRC/SOURCE/termo.o
                0x00000bda                CS_HIGH
 .text.SCK_LOW  0x00000bfa       0x1e ./SRC/SOURCE/termo.o
                0x00000bfa                SCK_LOW
 .text.SCK_HIGH
                0x00000c18       0x20 ./SRC/SOURCE/termo.o
                0x00000c18                SCK_HIGH
 .text.spi_init
                0x00000c38       0x46 ./Libraries/Source/SPI.o
                0x00000c38                spi_init
 .text.spi_transfer_sync
                0x00000c7e       0x7e ./Libraries/Source/SPI.o
                0x00000c7e                spi_transfer_sync
 .text.spi_transmit_sync
                0x00000cfc       0x5a ./Libraries/Source/SPI.o
                0x00000cfc                spi_transmit_sync
 .text.spi_fast_shift
                0x00000d56       0x34 ./Libraries/Source/SPI.o
                0x00000d56                spi_fast_shift
 .text.DELAY_us
                0x00000d8a      0x226 ./Libraries/Source/delay.o
                0x00000d8a                DELAY_us
 .text.DELAY_ms
                0x00000fb0      0x226 ./Libraries/Source/delay.o
                0x00000fb0                DELAY_ms
 .text.EEPROM_WriteByte
                0x000011d6       0x70 ./Libraries/Source/eeprom.o
                0x000011d6                EEPROM_WriteByte
 .text.EEPROM_ReadByte
                0x00001246       0x56 ./Libraries/Source/eeprom.o
                0x00001246                EEPROM_ReadByte
 .text.EEPROM_WriteString
                0x0000129c       0x56 ./Libraries/Source/eeprom.o
                0x0000129c                EEPROM_WriteString
 .text.EEPROM_ReadString
                0x000012f2       0x54 ./Libraries/Source/eeprom.o
                0x000012f2                EEPROM_ReadString
 .text.GPIO_PinDirection
                0x00001346      0x1d8 ./Libraries/Source/gpio.o
                0x00001346                GPIO_PinDirection
 .text.GPIO_PinWrite
                0x0000151e      0x1d8 ./Libraries/Source/gpio.o
                0x0000151e                GPIO_PinWrite
 .text.GPIO_PinRead
                0x000016f6      0x106 ./Libraries/Source/gpio.o
                0x000016f6                GPIO_PinRead
 .text.LCD_SetUp
                0x000017fc      0x10c ./Libraries/Source/lcd.o
                0x000017fc                LCD_SetUp
 .text.LCD_Init
                0x00001908       0x72 ./Libraries/Source/lcd.o
                0x00001908                LCD_Init
 .text.LCD_Clear
                0x0000197a       0x1a ./Libraries/Source/lcd.o
                0x0000197a                LCD_Clear
 .text.LCD_GoToLine
                0x00001994       0x3a ./Libraries/Source/lcd.o
                0x00001994                LCD_GoToLine
 .text.LCD_GoToNextLine
                0x000019ce       0x40 ./Libraries/Source/lcd.o
                0x000019ce                LCD_GoToNextLine
 .text.LCD_SetCursor
                0x00001a0e       0x4e ./Libraries/Source/lcd.o
                0x00001a0e                LCD_SetCursor
 .text.LCD_CmdWrite
                0x00001a5c       0x44 ./Libraries/Source/lcd.o
                0x00001a5c                LCD_CmdWrite
 .text.LCD_DisplayChar
                0x00001aa0       0x40 ./Libraries/Source/lcd.o
                0x00001aa0                LCD_DisplayChar
 .text.LCD_DisplayString
                0x00001ae0       0x3c ./Libraries/Source/lcd.o
                0x00001ae0                LCD_DisplayString
 .text.LCD_DisplayStringWithAddingToBuffor
                0x00001b1c      0x4ae ./Libraries/Source/lcd.o
                0x00001b1c                LCD_DisplayStringWithAddingToBuffor
 .text.LCD_ScrollMessage
                0x00001fca       0xd8 ./Libraries/Source/lcd.o
                0x00001fca                LCD_ScrollMessage
 .text.LCD_DisplayNumber
                0x000020a2      0x1c2 ./Libraries/Source/lcd.o
                0x000020a2                LCD_DisplayNumber
 .text.LCD_DisplayNumberWithAddingToBuffor
                0x00002264      0x2f2 ./Libraries/Source/lcd.o
                0x00002264                LCD_DisplayNumberWithAddingToBuffor
 .text.LCD_XYPrintf
                0x00002556      0x72a ./Libraries/Source/lcd.o
                0x00002556                LCD_XYPrintf
 .text.LCD_Printf
                0x00002c80      0x3a0 ./Libraries/Source/lcd.o
                0x00002c80                LCD_Printf
 .text.lcd_DataWrite
                0x00003020       0x44 ./Libraries/Source/lcd.o
 .text.LCD_DataWrite
                0x00003064       0x44 ./Libraries/Source/lcd.o
                0x00003064                LCD_DataWrite
 .text.lcd_BusyCheck
                0x000030a8       0xae ./Libraries/Source/lcd.o
 .text.lcd_Reset
                0x00003156       0x56 ./Libraries/Source/lcd.o
 .text.lcd_SendHigherNibble
                0x000031ac       0x82 ./Libraries/Source/lcd.o
 .text.lcd_SendLowerNibble
                0x0000322e       0x8c ./Libraries/Source/lcd.o
 .text.lcd_SendCmdSignals
                0x000032ba       0x3e ./Libraries/Source/lcd.o
 .text.lcd_SendDataSignals
                0x000032f8       0x3e ./Libraries/Source/lcd.o
 .text.LCD_RefreshScreen
                0x00003336       0x92 ./Libraries/Source/lcd.o
                0x00003336                LCD_RefreshScreen
 .text.LCD_InitializeSymbols
                0x000033c8       0xc4 ./Libraries/Source/lcd.o
                0x000033c8                LCD_InitializeSymbols
 .text.LCD_PrintSymbol
                0x0000348c       0xa6 ./Libraries/Source/lcd.o
                0x0000348c                LCD_PrintSymbol
 .text.LCD_PrintBlock
                0x00003532       0x14 ./Libraries/Source/lcd.o
                0x00003532                LCD_PrintBlock
 .text.LCD_PrintLArrow
                0x00003546       0x14 ./Libraries/Source/lcd.o
                0x00003546                LCD_PrintLArrow
 .text.LCD_PrintRArrow
                0x0000355a       0x14 ./Libraries/Source/lcd.o
                0x0000355a                LCD_PrintRArrow
 .text.LCD_PrintDot
                0x0000356e       0x14 ./Libraries/Source/lcd.o
                0x0000356e                LCD_PrintDot
 .text.UART_Init
                0x00003582       0x4e ./Libraries/Source/uart.o
                0x00003582                UART_Init
 .text.UART_SetBaudRate
                0x000035d0      0x104 ./Libraries/Source/uart.o
                0x000035d0                UART_SetBaudRate
 .text.UART_RxChar
                0x000036d4       0x24 ./Libraries/Source/uart.o
                0x000036d4                UART_RxChar
 .text.UART_TxChar
                0x000036f8       0x34 ./Libraries/Source/uart.o
                0x000036f8                UART_TxChar
 .text.UART_TxString
                0x0000372c       0x3c ./Libraries/Source/uart.o
                0x0000372c                UART_TxString
 .text.UART_RxString
                0x00003768       0x98 ./Libraries/Source/uart.o
                0x00003768                UART_RxString
 .text.UART_TxNumber
                0x00003800      0x1dc ./Libraries/Source/uart.o
                0x00003800                UART_TxNumber
 .text.UART_TxFloatNumber
                0x000039dc       0xcc ./Libraries/Source/uart.o
                0x000039dc                UART_TxFloatNumber
 .text.UART_Printf
                0x00003aa8      0x368 ./Libraries/Source/uart.o
                0x00003aa8                UART_Printf
 .text.libgcc.mul
                0x00003e10        0x0 c:/program files (x86)/atmel/avr tools/avr toolchain/bin/../lib/gcc/avr/4.8.1/avr5\libgcc.a(_udivmodsi4.o)
 .text.libgcc.div
                0x00003e10       0x44 c:/program files (x86)/atmel/avr tools/avr toolchain/bin/../lib/gcc/avr/4.8.1/avr5\libgcc.a(_udivmodsi4.o)
                0x00003e10                __udivmodsi4
 .text.libgcc   0x00003e54        0x0 c:/program files (x86)/atmel/avr tools/avr toolchain/bin/../lib/gcc/avr/4.8.1/avr5\libgcc.a(_udivmodsi4.o)
 .text.libgcc.prologue
                0x00003e54        0x0 c:/program files (x86)/atmel/avr tools/avr toolchain/bin/../lib/gcc/avr/4.8.1/avr5\libgcc.a(_udivmodsi4.o)
 .text.libgcc.builtins
                0x00003e54        0x0 c:/program files (x86)/atmel/avr tools/avr toolchain/bin/../lib/gcc/avr/4.8.1/avr5\libgcc.a(_udivmodsi4.o)
 .text.libgcc.fmul
                0x00003e54        0x0 c:/program files (x86)/atmel/avr tools/avr toolchain/bin/../lib/gcc/avr/4.8.1/avr5\libgcc.a(_udivmodsi4.o)
 .text.libgcc.fixed
                0x00003e54        0x0 c:/program files (x86)/atmel/avr tools/avr toolchain/bin/../lib/gcc/avr/4.8.1/avr5\libgcc.a(_udivmodsi4.o)
 .text.libgcc.mul
                0x00003e54        0x0 c:/program files (x86)/atmel/avr tools/avr toolchain/bin/../lib/gcc/avr/4.8.1/avr5\libgcc.a(_exit.o)
 .text.libgcc.div
                0x00003e54        0x0 c:/program files (x86)/atmel/avr tools/avr toolchain/bin/../lib/gcc/avr/4.8.1/avr5\libgcc.a(_exit.o)
 .text.libgcc   0x00003e54        0x0 c:/program files (x86)/atmel/avr tools/avr toolchain/bin/../lib/gcc/avr/4.8.1/avr5\libgcc.a(_exit.o)
 .text.libgcc.prologue
                0x00003e54        0x0 c:/program files (x86)/atmel/avr tools/avr toolchain/bin/../lib/gcc/avr/4.8.1/avr5\libgcc.a(_exit.o)
 .text.libgcc.builtins
                0x00003e54        0x0 c:/program files (x86)/atmel/avr tools/avr toolchain/bin/../lib/gcc/avr/4.8.1/avr5\libgcc.a(_exit.o)
 .text.libgcc.fmul
                0x00003e54        0x0 c:/program files (x86)/atmel/avr tools/avr toolchain/bin/../lib/gcc/avr/4.8.1/avr5\libgcc.a(_exit.o)
 .text.libgcc.fixed
                0x00003e54        0x0 c:/program files (x86)/atmel/avr tools/avr toolchain/bin/../lib/gcc/avr/4.8.1/avr5\libgcc.a(_exit.o)
 .text.libgcc.mul
                0x00003e54        0x0 c:/program files (x86)/atmel/avr tools/avr toolchain/bin/../lib/gcc/avr/4.8.1/avr5\libgcc.a(_tablejump.o)
 .text.libgcc.div
                0x00003e54        0x0 c:/program files (x86)/atmel/avr tools/avr toolchain/bin/../lib/gcc/avr/4.8.1/avr5\libgcc.a(_tablejump.o)
 .text.libgcc   0x00003e54        0xc c:/program files (x86)/atmel/avr tools/avr toolchain/bin/../lib/gcc/avr/4.8.1/avr5\libgcc.a(_tablejump.o)
                0x00003e54                __tablejump2__
                0x00003e58                __tablejump__
 .text.libgcc.prologue
                0x00003e60        0x0 c:/program files (x86)/atmel/avr tools/avr toolchain/bin/../lib/gcc/avr/4.8.1/avr5\libgcc.a(_tablejump.o)
 .text.libgcc.builtins
                0x00003e60        0x0 c:/program files (x86)/atmel/avr tools/avr toolchain/bin/../lib/gcc/avr/4.8.1/avr5\libgcc.a(_tablejump.o)
 .text.libgcc.fmul
                0x00003e60        0x0 c:/program files (x86)/atmel/avr tools/avr toolchain/bin/../lib/gcc/avr/4.8.1/avr5\libgcc.a(_tablejump.o)
 .text.libgcc.fixed
                0x00003e60        0x0 c:/program files (x86)/atmel/avr tools/avr toolchain/bin/../lib/gcc/avr/4.8.1/avr5\libgcc.a(_tablejump.o)
 .text.libgcc.mul
                0x00003e60        0x0 c:/program files (x86)/atmel/avr tools/avr toolchain/bin/../lib/gcc/avr/4.8.1/avr5\libgcc.a(_copy_data.o)
 .text.libgcc.div
                0x00003e60        0x0 c:/program files (x86)/atmel/avr tools/avr toolchain/bin/../lib/gcc/avr/4.8.1/avr5\libgcc.a(_copy_data.o)
 .text.libgcc   0x00003e60        0x0 c:/program files (x86)/atmel/avr tools/avr toolchain/bin/../lib/gcc/avr/4.8.1/avr5\libgcc.a(_copy_data.o)
 .text.libgcc.prologue
                0x00003e60        0x0 c:/program files (x86)/atmel/avr tools/avr toolchain/bin/../lib/gcc/avr/4.8.1/avr5\libgcc.a(_copy_data.o)
 .text.libgcc.builtins
                0x00003e60        0x0 c:/program files (x86)/atmel/avr tools/avr toolchain/bin/../lib/gcc/avr/4.8.1/avr5\libgcc.a(_copy_data.o)
 .text.libgcc.fmul
                0x00003e60        0x0 c:/program files (x86)/atmel/avr tools/avr toolchain/bin/../lib/gcc/avr/4.8.1/avr5\libgcc.a(_copy_data.o)
 .text.libgcc.fixed
                0x00003e60        0x0 c:/program files (x86)/atmel/avr tools/avr toolchain/bin/../lib/gcc/avr/4.8.1/avr5\libgcc.a(_copy_data.o)
 .text.libgcc.mul
                0x00003e60        0x0 c:/program files (x86)/atmel/avr tools/avr toolchain/bin/../lib/gcc/avr/4.8.1/avr5\libgcc.a(_clear_bss.o)
 .text.libgcc.div
                0x00003e60        0x0 c:/program files (x86)/atmel/avr tools/avr toolchain/bin/../lib/gcc/avr/4.8.1/avr5\libgcc.a(_clear_bss.o)
 .text.libgcc   0x00003e60        0x0 c:/program files (x86)/atmel/avr tools/avr toolchain/bin/../lib/gcc/avr/4.8.1/avr5\libgcc.a(_clear_bss.o)
 .text.libgcc.prologue
                0x00003e60        0x0 c:/program files (x86)/atmel/avr tools/avr toolchain/bin/../lib/gcc/avr/4.8.1/avr5\libgcc.a(_clear_bss.o)
 .text.libgcc.builtins
                0x00003e60        0x0 c:/program files (x86)/atmel/avr tools/avr toolchain/bin/../lib/gcc/avr/4.8.1/avr5\libgcc.a(_clear_bss.o)
 .text.libgcc.fmul
                0x00003e60        0x0 c:/program files (x86)/atmel/avr tools/avr toolchain/bin/../lib/gcc/avr/4.8.1/avr5\libgcc.a(_clear_bss.o)
 .text.libgcc.fixed
                0x00003e60        0x0 c:/program files (x86)/atmel/avr tools/avr toolchain/bin/../lib/gcc/avr/4.8.1/avr5\libgcc.a(_clear_bss.o)
 .text.avr-libc.fplib
                0x00003e60        0xa c:/program files (x86)/atmel/avr tools/avr toolchain/bin/../lib/gcc/avr/4.8.1/../../../../avr/lib/avr5\libm.a(addsf3.o)
                0x00003e60                __subsf3
                0x00003e62                __addsf3
 .text.avr-libc.fplib
                0x00003e6a       0xc0 c:/program files (x86)/atmel/avr tools/avr toolchain/bin/../lib/gcc/avr/4.8.1/../../../../avr/lib/avr5\libm.a(addsf3x.o)
                0x00003e84                __addsf3x
 .text.avr-libc.fplib
                0x00003f2a        0x8 c:/program files (x86)/atmel/avr tools/avr toolchain/bin/../lib/gcc/avr/4.8.1/../../../../avr/lib/avr5\libm.a(cmpsf2.o)
                0x00003f2a                __nesf2
                0x00003f2a                __eqsf2
                0x00003f2a                __cmpsf2
                0x00003f2a                __ltsf2
                0x00003f2a                __lesf2
 .text.avr-libc.fplib
                0x00003f32        0x4 c:/program files (x86)/atmel/avr tools/avr toolchain/bin/../lib/gcc/avr/4.8.1/../../../../avr/lib/avr5\libm.a(divsf3.o)
                0x00003f32                __divsf3
 .text.avr-libc.fplib
                0x00003f36       0xcc c:/program files (x86)/atmel/avr tools/avr toolchain/bin/../lib/gcc/avr/4.8.1/../../../../avr/lib/avr5\libm.a(divsf3x.o)
                0x00003f4c                __divsf3x
                0x00003f50                __divsf3_pse
 .text.avr-libc.fplib
                0x00004002       0x58 c:/program files (x86)/atmel/avr tools/avr toolchain/bin/../lib/gcc/avr/4.8.1/../../../../avr/lib/avr5\libm.a(fixunssfsi.o)
                0x00004002                __fixunssfsi
 .text.avr-libc.fplib
                0x0000405a       0x7a c:/program files (x86)/atmel/avr tools/avr toolchain/bin/../lib/gcc/avr/4.8.1/../../../../avr/lib/avr5\libm.a(floatsisf.o)
                0x0000405a                __floatunsisf
                0x0000405e                __floatsisf
 .text.avr-libc.fplib
                0x000040d4       0x48 c:/program files (x86)/atmel/avr tools/avr toolchain/bin/../lib/gcc/avr/4.8.1/../../../../avr/lib/avr5\libm.a(fp_cmp.o)
                0x000040d4                __fp_cmp
 .text.avr-libc.fplib
                0x0000411c        0xc c:/program files (x86)/atmel/avr tools/avr toolchain/bin/../lib/gcc/avr/4.8.1/../../../../avr/lib/avr5\libm.a(fp_inf.o)
                0x0000411c                __fp_inf
 .text.avr-libc.fplib
                0x00004128        0x6 c:/program files (x86)/atmel/avr tools/avr toolchain/bin/../lib/gcc/avr/4.8.1/../../../../avr/lib/avr5\libm.a(fp_nan.o)
                0x00004128                __fp_nan
 .text.avr-libc.fplib
                0x0000412e        0xe c:/program files (x86)/atmel/avr tools/avr toolchain/bin/../lib/gcc/avr/4.8.1/../../../../avr/lib/avr5\libm.a(fp_pscA.o)
                0x0000412e                __fp_pscA
 .text.avr-libc.fplib
                0x0000413c        0xe c:/program files (x86)/atmel/avr tools/avr toolchain/bin/../lib/gcc/avr/4.8.1/../../../../avr/lib/avr5\libm.a(fp_pscB.o)
                0x0000413c                __fp_pscB
 .text.avr-libc.fplib
                0x0000414a       0x22 c:/program files (x86)/atmel/avr tools/avr toolchain/bin/../lib/gcc/avr/4.8.1/../../../../avr/lib/avr5\libm.a(fp_round.o)
                0x0000414a                __fp_round
 .text.avr-libc.fplib
                0x0000416c       0x44 c:/program files (x86)/atmel/avr tools/avr toolchain/bin/../lib/gcc/avr/4.8.1/../../../../avr/lib/avr5\libm.a(fp_split3.o)
                0x0000416c                __fp_split3
                0x0000417c                __fp_splitA
 .text.avr-libc.fplib
                0x000041b0        0xe c:/program files (x86)/atmel/avr tools/avr toolchain/bin/../lib/gcc/avr/4.8.1/../../../../avr/lib/avr5\libm.a(fp_zero.o)
                0x000041b0                __fp_zero
                0x000041b2                __fp_szero
 .text.avr-libc.fplib
                0x000041be        0x8 c:/program files (x86)/atmel/avr tools/avr toolchain/bin/../lib/gcc/avr/4.8.1/../../../../avr/lib/avr5\libm.a(gesf2.o)
                0x000041be                __gesf2
                0x000041be                __gtsf2
 .text.avr-libc.fplib
                0x000041c6        0x4 c:/program files (x86)/atmel/avr tools/avr toolchain/bin/../lib/gcc/avr/4.8.1/../../../../avr/lib/avr5\libm.a(mulsf3.o)
                0x000041c6                __mulsf3
 .text.avr-libc.fplib
                0x000041ca       0xc2 c:/program files (x86)/atmel/avr tools/avr toolchain/bin/../lib/gcc/avr/4.8.1/../../../../avr/lib/avr5\libm.a(mulsf3x.o)
                0x000041de                __mulsf3x
                0x000041e2                __mulsf3_pse
                0x0000428c                . = ALIGN (0x2)
 *(.fini9)
 .fini9         0x0000428c        0x0 c:/program files (x86)/atmel/avr tools/avr toolchain/bin/../lib/gcc/avr/4.8.1/avr5\libgcc.a(_exit.o)
                0x0000428c                _exit
                0x0000428c                exit
 *(.fini9)
 *(.fini8)
 *(.fini8)
 *(.fini7)
 *(.fini7)
 *(.fini6)
 *(.fini6)
 *(.fini5)
 *(.fini5)
 *(.fini4)
 *(.fini4)
 *(.fini3)
 *(.fini3)
 *(.fini2)
 *(.fini2)
 *(.fini1)
 *(.fini1)
 *(.fini0)
 .fini0         0x0000428c        0x4 c:/program files (x86)/atmel/avr tools/avr toolchain/bin/../lib/gcc/avr/4.8.1/avr5\libgcc.a(_exit.o)
 *(.fini0)
                0x00004290                _etext = .

.data           0x00800060       0x92 load address 0x00004290
                0x00800060                PROVIDE (__data_start, .)
 *(.data)
 .data          0x00800060        0x0 c:/program files (x86)/atmel/avr tools/avr toolchain/bin/../lib/gcc/avr/4.8.1/../../../../avr/lib/avr5/crtm16.o
 .data          0x00800060        0x0 ./SRC/SOURCE/main.o
 .data          0x00800060        0x0 ./SRC/SOURCE/termo.o
 .data          0x00800060        0x0 ./Libraries/Source/SPI.o
 .data          0x00800060        0x0 ./Libraries/Source/delay.o
 .data          0x00800060        0x0 ./Libraries/Source/eeprom.o
 .data          0x00800060        0x0 ./Libraries/Source/gpio.o
 .data          0x00800060        0x0 ./Libraries/Source/lcd.o
 .data          0x00800060        0x0 ./Libraries/Source/uart.o
 .data          0x00800060        0x0 c:/program files (x86)/atmel/avr tools/avr toolchain/bin/../lib/gcc/avr/4.8.1/avr5\libgcc.a(_udivmodsi4.o)
 .data          0x00800060        0x0 c:/program files (x86)/atmel/avr tools/avr toolchain/bin/../lib/gcc/avr/4.8.1/avr5\libgcc.a(_exit.o)
 .data          0x00800060        0x0 c:/program files (x86)/atmel/avr tools/avr toolchain/bin/../lib/gcc/avr/4.8.1/avr5\libgcc.a(_tablejump.o)
 .data          0x00800060        0x0 c:/program files (x86)/atmel/avr tools/avr toolchain/bin/../lib/gcc/avr/4.8.1/avr5\libgcc.a(_copy_data.o)
 .data          0x00800060        0x0 c:/program files (x86)/atmel/avr tools/avr toolchain/bin/../lib/gcc/avr/4.8.1/avr5\libgcc.a(_clear_bss.o)
 .data          0x00800060        0x0 c:/program files (x86)/atmel/avr tools/avr toolchain/bin/../lib/gcc/avr/4.8.1/../../../../avr/lib/avr5\libm.a(addsf3.o)
 .data          0x00800060        0x0 c:/program files (x86)/atmel/avr tools/avr toolchain/bin/../lib/gcc/avr/4.8.1/../../../../avr/lib/avr5\libm.a(addsf3x.o)
 .data          0x00800060        0x0 c:/program files (x86)/atmel/avr tools/avr toolchain/bin/../lib/gcc/avr/4.8.1/../../../../avr/lib/avr5\libm.a(cmpsf2.o)
 .data          0x00800060        0x0 c:/program files (x86)/atmel/avr tools/avr toolchain/bin/../lib/gcc/avr/4.8.1/../../../../avr/lib/avr5\libm.a(divsf3.o)
 .data          0x00800060        0x0 c:/program files (x86)/atmel/avr tools/avr toolchain/bin/../lib/gcc/avr/4.8.1/../../../../avr/lib/avr5\libm.a(divsf3x.o)
 .data          0x00800060        0x0 c:/program files (x86)/atmel/avr tools/avr toolchain/bin/../lib/gcc/avr/4.8.1/../../../../avr/lib/avr5\libm.a(fixunssfsi.o)
 .data          0x00800060        0x0 c:/program files (x86)/atmel/avr tools/avr toolchain/bin/../lib/gcc/avr/4.8.1/../../../../avr/lib/avr5\libm.a(floatsisf.o)
 .data          0x00800060        0x0 c:/program files (x86)/atmel/avr tools/avr toolchain/bin/../lib/gcc/avr/4.8.1/../../../../avr/lib/avr5\libm.a(fp_cmp.o)
 .data          0x00800060        0x0 c:/program files (x86)/atmel/avr tools/avr toolchain/bin/../lib/gcc/avr/4.8.1/../../../../avr/lib/avr5\libm.a(fp_inf.o)
 .data          0x00800060        0x0 c:/program files (x86)/atmel/avr tools/avr toolchain/bin/../lib/gcc/avr/4.8.1/../../../../avr/lib/avr5\libm.a(fp_nan.o)
 .data          0x00800060        0x0 c:/program files (x86)/atmel/avr tools/avr toolchain/bin/../lib/gcc/avr/4.8.1/../../../../avr/lib/avr5\libm.a(fp_pscA.o)
 .data          0x00800060        0x0 c:/program files (x86)/atmel/avr tools/avr toolchain/bin/../lib/gcc/avr/4.8.1/../../../../avr/lib/avr5\libm.a(fp_pscB.o)
 .data          0x00800060        0x0 c:/program files (x86)/atmel/avr tools/avr toolchain/bin/../lib/gcc/avr/4.8.1/../../../../avr/lib/avr5\libm.a(fp_round.o)
 .data          0x00800060        0x0 c:/program files (x86)/atmel/avr tools/avr toolchain/bin/../lib/gcc/avr/4.8.1/../../../../avr/lib/avr5\libm.a(fp_split3.o)
 .data          0x00800060        0x0 c:/program files (x86)/atmel/avr tools/avr toolchain/bin/../lib/gcc/avr/4.8.1/../../../../avr/lib/avr5\libm.a(fp_zero.o)
 .data          0x00800060        0x0 c:/program files (x86)/atmel/avr tools/avr toolchain/bin/../lib/gcc/avr/4.8.1/../../../../avr/lib/avr5\libm.a(gesf2.o)
 .data          0x00800060        0x0 c:/program files (x86)/atmel/avr tools/avr toolchain/bin/../lib/gcc/avr/4.8.1/../../../../avr/lib/avr5\libm.a(mulsf3.o)
 .data          0x00800060        0x0 c:/program files (x86)/atmel/avr tools/avr toolchain/bin/../lib/gcc/avr/4.8.1/../../../../avr/lib/avr5\libm.a(mulsf3x.o)
 *(.data*)
 .data.thermoD0
                0x00800060        0x2 ./SRC/SOURCE/main.o
                0x00800060                thermoD0
 .data.thermoCS
                0x00800062        0x2 ./SRC/SOURCE/main.o
                0x00800062                thermoCS
 .data.thermoCLK
                0x00800064        0x2 ./SRC/SOURCE/main.o
                0x00800064                thermoCLK
 .data.ARR_LcdLineNumAddress_U8
                0x00800066        0x4 ./Libraries/Source/lcd.o
                0x00800066                ARR_LcdLineNumAddress_U8
 *(.rodata)
 .rodata        0x0080006a       0x40 ./SRC/SOURCE/main.o
 .rodata        0x008000aa       0x48 ./Libraries/Source/lcd.o
 *(.rodata*)
 *(.gnu.linkonce.d*)
                0x008000f2                . = ALIGN (0x2)
                0x008000f2                _edata = .
                0x008000f2                PROVIDE (__data_end, .)

.bss            0x008000f2       0x3a
                0x008000f2                PROVIDE (__bss_start, .)
 *(.bss)
 .bss           0x008000f2        0x0 c:/program files (x86)/atmel/avr tools/avr toolchain/bin/../lib/gcc/avr/4.8.1/../../../../avr/lib/avr5/crtm16.o
 .bss           0x008000f2        0x0 ./SRC/SOURCE/main.o
 .bss           0x008000f2        0x0 ./SRC/SOURCE/termo.o
 .bss           0x008000f2        0x0 ./Libraries/Source/SPI.o
 .bss           0x008000f2        0x0 ./Libraries/Source/delay.o
 .bss           0x008000f2        0x0 ./Libraries/Source/eeprom.o
 .bss           0x008000f2        0x0 ./Libraries/Source/gpio.o
 .bss           0x008000f2        0x0 ./Libraries/Source/lcd.o
 .bss           0x008000f2        0x0 ./Libraries/Source/uart.o
 .bss           0x008000f2        0x0 c:/program files (x86)/atmel/avr tools/avr toolchain/bin/../lib/gcc/avr/4.8.1/avr5\libgcc.a(_udivmodsi4.o)
 .bss           0x008000f2        0x0 c:/program files (x86)/atmel/avr tools/avr toolchain/bin/../lib/gcc/avr/4.8.1/avr5\libgcc.a(_exit.o)
 .bss           0x008000f2        0x0 c:/program files (x86)/atmel/avr tools/avr toolchain/bin/../lib/gcc/avr/4.8.1/avr5\libgcc.a(_tablejump.o)
 .bss           0x008000f2        0x0 c:/program files (x86)/atmel/avr tools/avr toolchain/bin/../lib/gcc/avr/4.8.1/avr5\libgcc.a(_copy_data.o)
 .bss           0x008000f2        0x0 c:/program files (x86)/atmel/avr tools/avr toolchain/bin/../lib/gcc/avr/4.8.1/avr5\libgcc.a(_clear_bss.o)
 .bss           0x008000f2        0x0 c:/program files (x86)/atmel/avr tools/avr toolchain/bin/../lib/gcc/avr/4.8.1/../../../../avr/lib/avr5\libm.a(addsf3.o)
 .bss           0x008000f2        0x0 c:/program files (x86)/atmel/avr tools/avr toolchain/bin/../lib/gcc/avr/4.8.1/../../../../avr/lib/avr5\libm.a(addsf3x.o)
 .bss           0x008000f2        0x0 c:/program files (x86)/atmel/avr tools/avr toolchain/bin/../lib/gcc/avr/4.8.1/../../../../avr/lib/avr5\libm.a(cmpsf2.o)
 .bss           0x008000f2        0x0 c:/program files (x86)/atmel/avr tools/avr toolchain/bin/../lib/gcc/avr/4.8.1/../../../../avr/lib/avr5\libm.a(divsf3.o)
 .bss           0x008000f2        0x0 c:/program files (x86)/atmel/avr tools/avr toolchain/bin/../lib/gcc/avr/4.8.1/../../../../avr/lib/avr5\libm.a(divsf3x.o)
 .bss           0x008000f2        0x0 c:/program files (x86)/atmel/avr tools/avr toolchain/bin/../lib/gcc/avr/4.8.1/../../../../avr/lib/avr5\libm.a(fixunssfsi.o)
 .bss           0x008000f2        0x0 c:/program files (x86)/atmel/avr tools/avr toolchain/bin/../lib/gcc/avr/4.8.1/../../../../avr/lib/avr5\libm.a(floatsisf.o)
 .bss           0x008000f2        0x0 c:/program files (x86)/atmel/avr tools/avr toolchain/bin/../lib/gcc/avr/4.8.1/../../../../avr/lib/avr5\libm.a(fp_cmp.o)
 .bss           0x008000f2        0x0 c:/program files (x86)/atmel/avr tools/avr toolchain/bin/../lib/gcc/avr/4.8.1/../../../../avr/lib/avr5\libm.a(fp_inf.o)
 .bss           0x008000f2        0x0 c:/program files (x86)/atmel/avr tools/avr toolchain/bin/../lib/gcc/avr/4.8.1/../../../../avr/lib/avr5\libm.a(fp_nan.o)
 .bss           0x008000f2        0x0 c:/program files (x86)/atmel/avr tools/avr toolchain/bin/../lib/gcc/avr/4.8.1/../../../../avr/lib/avr5\libm.a(fp_pscA.o)
 .bss           0x008000f2        0x0 c:/program files (x86)/atmel/avr tools/avr toolchain/bin/../lib/gcc/avr/4.8.1/../../../../avr/lib/avr5\libm.a(fp_pscB.o)
 .bss           0x008000f2        0x0 c:/program files (x86)/atmel/avr tools/avr toolchain/bin/../lib/gcc/avr/4.8.1/../../../../avr/lib/avr5\libm.a(fp_round.o)
 .bss           0x008000f2        0x0 c:/program files (x86)/atmel/avr tools/avr toolchain/bin/../lib/gcc/avr/4.8.1/../../../../avr/lib/avr5\libm.a(fp_split3.o)
 .bss           0x008000f2        0x0 c:/program files (x86)/atmel/avr tools/avr toolchain/bin/../lib/gcc/avr/4.8.1/../../../../avr/lib/avr5\libm.a(fp_zero.o)
 .bss           0x008000f2        0x0 c:/program files (x86)/atmel/avr tools/avr toolchain/bin/../lib/gcc/avr/4.8.1/../../../../avr/lib/avr5\libm.a(gesf2.o)
 .bss           0x008000f2        0x0 c:/program files (x86)/atmel/avr tools/avr toolchain/bin/../lib/gcc/avr/4.8.1/../../../../avr/lib/avr5\libm.a(mulsf3.o)
 .bss           0x008000f2        0x0 c:/program files (x86)/atmel/avr tools/avr toolchain/bin/../lib/gcc/avr/4.8.1/../../../../avr/lib/avr5\libm.a(mulsf3x.o)
 *(.bss*)
 .bss.minTemp   0x008000f2        0x2 ./SRC/SOURCE/main.o
                0x008000f2                minTemp
 .bss.maxTemp   0x008000f4        0x2 ./SRC/SOURCE/main.o
                0x008000f4                maxTemp
 .bss.actTemp   0x008000f6        0x2 ./SRC/SOURCE/main.o
                0x008000f6                actTemp
 .bss.mute      0x008000f8        0x1 ./SRC/SOURCE/main.o
                0x008000f8                mute
 .bss.histerezeLock
                0x008000f9        0x1 ./SRC/SOURCE/main.o
                0x008000f9                histerezeLock
 .bss.lcdRefreshClock
                0x008000fa        0x2 ./SRC/SOURCE/main.o
                0x008000fa                lcdRefreshClock
 *(COMMON)
 COMMON         0x008000fc       0x20 ./SRC/SOURCE/main.o
                0x008000fc                LCD_BUFFOR
 COMMON         0x0080011c       0x10 ./Libraries/Source/lcd.o
                0x0080011c                LCDConfig
                0x0080012a                v_LcdTrackCursorPos_U8
                0x0080012b                v_LcdTrackLineNum_U8
                0x0080012c                PROVIDE (__bss_end, .)
                0x00004290                __data_load_start = LOADADDR (.data)
                0x00004322                __data_load_end = (__data_load_start + SIZEOF (.data))

.noinit         0x0080012c        0x0
                0x0080012c                PROVIDE (__noinit_start, .)
 *(.noinit*)
                0x0080012c                PROVIDE (__noinit_end, .)
                0x0080012c                _end = .
                0x0080012c                PROVIDE (__heap_start, .)

.eeprom         0x00810000        0x0
 *(.eeprom*)
                0x00810000                __eeprom_end = .

.fuse
 *(.fuse)
 *(.lfuse)
 *(.hfuse)
 *(.efuse)

.lock
 *(.lock*)

.signature
 *(.signature*)

.user_signatures
 *(.user_signatures*)

.stab           0x00000000     0x5940
 *(.stab)
 .stab          0x00000000      0xbc4 ./SRC/SOURCE/main.o
 .stab          0x00000bc4      0x5b8 ./SRC/SOURCE/termo.o
                                0x804 (size before relaxing)
 .stab          0x0000117c      0x4d4 ./Libraries/Source/SPI.o
                                0x69c (size before relaxing)
 .stab          0x00001650      0x6a8 ./Libraries/Source/delay.o
                                0x840 (size before relaxing)
 .stab          0x00001cf8      0x4bc ./Libraries/Source/eeprom.o
                                0x6fc (size before relaxing)
 .stab          0x000021b4      0x6a8 ./Libraries/Source/gpio.o
                                0x8e8 (size before relaxing)
 .stab          0x0000285c     0x24b4 ./Libraries/Source/lcd.o
                               0x24f0 (size before relaxing)
 .stab          0x00004d10      0xc30 ./Libraries/Source/uart.o
                                0xe94 (size before relaxing)

.stabstr        0x00000000     0x27c7
 *(.stabstr)
 .stabstr       0x00000000     0x27c7 ./SRC/SOURCE/main.o

.stab.excl
 *(.stab.excl)

.stab.exclstr
 *(.stab.exclstr)

.stab.index
 *(.stab.index)

.stab.indexstr
 *(.stab.indexstr)

.comment        0x00000000       0x30
 *(.comment)
 .comment       0x00000000       0x30 ./SRC/SOURCE/main.o
                                 0x31 (size before relaxing)
 .comment       0x00000000       0x31 ./SRC/SOURCE/termo.o
 .comment       0x00000000       0x31 ./Libraries/Source/SPI.o
 .comment       0x00000000       0x31 ./Libraries/Source/delay.o
 .comment       0x00000000       0x31 ./Libraries/Source/eeprom.o
 .comment       0x00000000       0x31 ./Libraries/Source/gpio.o
 .comment       0x00000000       0x31 ./Libraries/Source/lcd.o
 .comment       0x00000000       0x31 ./Libraries/Source/uart.o

.note.gnu.build-id
 *(.note.gnu.build-id)

.debug
 *(.debug)

.line
 *(.line)

.debug_srcinfo
 *(.debug_srcinfo)

.debug_sfnames
 *(.debug_sfnames)

.debug_aranges
 *(.debug_aranges)

.debug_pubnames
 *(.debug_pubnames)

.debug_info
 *(.debug_info .gnu.linkonce.wi.*)

.debug_abbrev
 *(.debug_abbrev)

.debug_line
 *(.debug_line .debug_line.* .debug_line_end)

.debug_frame
 *(.debug_frame)

.debug_str
 *(.debug_str)

.debug_loc
 *(.debug_loc)

.debug_macinfo
 *(.debug_macinfo)

.debug_weaknames
 *(.debug_weaknames)

.debug_funcnames
 *(.debug_funcnames)

.debug_typenames
 *(.debug_typenames)

.debug_varnames
 *(.debug_varnames)

.debug_pubtypes
 *(.debug_pubtypes)

.debug_ranges
 *(.debug_ranges)

.debug_macro
 *(.debug_macro)
OUTPUT(WedzarkaSterownik.elf elf32-avr)
LOAD linker stubs
